../Core/Src/servo_PWM.c:25:6:Servo_Init	8	static
../Core/Src/servo_PWM.c:41:6:Servo_SetPosition	24	static
../Core/Src/servo_PWM.c:57:6:Servo_SetPulse	16	static
../Core/Src/servo_PWM.c:73:9:Servo_GetCurrentStep	4	static
../Core/Src/servo_PWM.c:82:19:Servo_GetDirection	4	static
../Core/Src/servo_PWM.c:92:6:Servo_StepForward	8	static
../Core/Src/servo_PWM.c:107:6:Servo_StepBackward	8	static
../Core/Src/servo_PWM.c:121:13:MX_TIM3_Init	56	static
../Core/Src/servo_PWM.c:173:13:Servo_TIM_MspPostInit	40	static
